// Jest Snapshot v1, https://goo.gl/fbAQLP

exports[`Loader.vue should have a Loader component and match snapshot 1`] = `<v-progress-linear-stub color="primary" top="true" value="15" light="true" active="loader_status" buffervalue="100" height="4" style="display: none;"></v-progress-linear-stub>`;
